????-??-??T??:??:??.???+0100 [INFO] [org.gradle.internal.nativeintegration.services.NativeServices] Initialized native services in: C:\Users\moham\.gradle\native
????-??-??T??:??:??.???+0100 [INFO] [org.gradle.internal.nativeintegration.services.NativeServices] Initialized jansi services in: C:\Users\moham\.gradle\native
٢٠٢٦-٠٥-٠٥T٠٧:١١:٣١.١٥٦+0100 [LIFECYCLE] [org.gradle.launcher.cli.DebugLoggerWarningAction] 
#############################################################################
   WARNING WARNING WARNING WARNING WARNING WARNING WARNING WARNING WARNING

   Debug level logging will leak security sensitive information!

   For more details, please refer to https://docs.gradle.org/8.11.1/userguide/logging.html#sec:debug_security in the Gradle documentation.
#############################################################################

٢٠٢٦-٠٥-٠٥T٠٧:١١:٣١.١٨٠+0100 [DEBUG] [org.gradle.internal.nativeintegration.services.NativeServices] Native-platform posix files integration is not available. Continuing with fallback.
٢٠٢٦-٠٥-٠٥T٠٧:١١:٣١.٢٣٤+0100 [DEBUG] [org.gradle.internal.instrumentation.agent.AgentControl] Agent org.gradle.instrumentation.agent.Agent is not loaded
٢٠٢٦-٠٥-٠٥T٠٧:١١:٣١.٣٠٥+0100 [LIFECYCLE] [org.gradle.launcher.daemon.client.SingleUseDaemonClient] To honour the JVM settings for this build a single-use Daemon process will be forked. For more on this, please refer to https://docs.gradle.org/8.11.1/userguide/gradle_daemon.html#sec:disabling_the_daemon in the Gradle documentation.
٢٠٢٦-٠٥-٠٥T٠٧:١١:٣١.٣٥٩+0100 [DEBUG] [org.gradle.launcher.daemon.client.DefaultDaemonStarter] Using daemon args: [C:\Users\moham\AppData\Local\Programs\Eclipse Adoptium\jdk-25.0.1.8-hotspot\bin\java.exe, --add-opens=java.base/java.lang=ALL-UNNAMED, --add-opens=java.base/java.lang.invoke=ALL-UNNAMED, --add-opens=java.base/java.util=ALL-UNNAMED, --add-opens=java.prefs/java.util.prefs=ALL-UNNAMED, --add-exports=jdk.compiler/com.sun.tools.javac.api=ALL-UNNAMED, --add-exports=jdk.compiler/com.sun.tools.javac.util=ALL-UNNAMED, --add-opens=java.base/java.util=ALL-UNNAMED, --add-opens=java.prefs/java.util.prefs=ALL-UNNAMED, --add-opens=java.base/java.nio.charset=ALL-UNNAMED, --add-opens=java.base/java.net=ALL-UNNAMED, --add-opens=java.base/java.util.concurrent.atomic=ALL-UNNAMED, --add-opens=java.xml/javax.xml.namespace=ALL-UNNAMED, -Xmx2048m, -Dfile.encoding=UTF-8, -Duser.country=SA, -Duser.language=ar, -Duser.variant, -cp, C:\Users\moham\.gradle\wrapper\dists\gradle-8.11.1-bin\bpt9gzteqjrbo1mjrsomdt32c\gradle-8.11.1\lib\gradle-daemon-main-8.11.1.jar, -javaagent:C:\Users\moham\.gradle\wrapper\dists\gradle-8.11.1-bin\bpt9gzteqjrbo1mjrsomdt32c\gradle-8.11.1\lib\agents\gradle-instrumentation-agent-8.11.1.jar]
٢٠٢٦-٠٥-٠٥T٠٧:١١:٣١.٣٦٢+0100 [DEBUG] [org.gradle.launcher.daemon.client.DefaultDaemonStarter] Starting daemon process: workingDir = C:\Users\moham\.gradle\daemon\8.11.1, daemonArgs: [C:\Users\moham\AppData\Local\Programs\Eclipse Adoptium\jdk-25.0.1.8-hotspot\bin\java.exe, --add-opens=java.base/java.lang=ALL-UNNAMED, --add-opens=java.base/java.lang.invoke=ALL-UNNAMED, --add-opens=java.base/java.util=ALL-UNNAMED, --add-opens=java.prefs/java.util.prefs=ALL-UNNAMED, --add-exports=jdk.compiler/com.sun.tools.javac.api=ALL-UNNAMED, --add-exports=jdk.compiler/com.sun.tools.javac.util=ALL-UNNAMED, --add-opens=java.base/java.util=ALL-UNNAMED, --add-opens=java.prefs/java.util.prefs=ALL-UNNAMED, --add-opens=java.base/java.nio.charset=ALL-UNNAMED, --add-opens=java.base/java.net=ALL-UNNAMED, --add-opens=java.base/java.util.concurrent.atomic=ALL-UNNAMED, --add-opens=java.xml/javax.xml.namespace=ALL-UNNAMED, -Xmx2048m, -Dfile.encoding=UTF-8, -Duser.country=SA, -Duser.language=ar, -Duser.variant, -cp, C:\Users\moham\.gradle\wrapper\dists\gradle-8.11.1-bin\bpt9gzteqjrbo1mjrsomdt32c\gradle-8.11.1\lib\gradle-daemon-main-8.11.1.jar, -javaagent:C:\Users\moham\.gradle\wrapper\dists\gradle-8.11.1-bin\bpt9gzteqjrbo1mjrsomdt32c\gradle-8.11.1\lib\agents\gradle-instrumentation-agent-8.11.1.jar, org.gradle.launcher.daemon.bootstrap.GradleDaemon, 8.11.1]
٢٠٢٦-٠٥-٠٥T٠٧:١١:٣١.٣٦٩+0100 [INFO] [org.gradle.process.internal.DefaultExecHandle] Starting process 'Gradle build daemon'. Working directory: C:\Users\moham\.gradle\daemon\8.11.1 Command: C:\Users\moham\AppData\Local\Programs\Eclipse Adoptium\jdk-25.0.1.8-hotspot\bin\java.exe --add-opens=java.base/java.lang=ALL-UNNAMED --add-opens=java.base/java.lang.invoke=ALL-UNNAMED --add-opens=java.base/java.util=ALL-UNNAMED --add-opens=java.prefs/java.util.prefs=ALL-UNNAMED --add-exports=jdk.compiler/com.sun.tools.javac.api=ALL-UNNAMED --add-exports=jdk.compiler/com.sun.tools.javac.util=ALL-UNNAMED --add-opens=java.base/java.util=ALL-UNNAMED --add-opens=java.prefs/java.util.prefs=ALL-UNNAMED --add-opens=java.base/java.nio.charset=ALL-UNNAMED --add-opens=java.base/java.net=ALL-UNNAMED --add-opens=java.base/java.util.concurrent.atomic=ALL-UNNAMED --add-opens=java.xml/javax.xml.namespace=ALL-UNNAMED -Xmx2048m -Dfile.encoding=UTF-8 -Duser.country=SA -Duser.language=ar -Duser.variant -cp C:\Users\moham\.gradle\wrapper\dists\gradle-8.11.1-bin\bpt9gzteqjrbo1mjrsomdt32c\gradle-8.11.1\lib\gradle-daemon-main-8.11.1.jar -javaagent:C:\Users\moham\.gradle\wrapper\dists\gradle-8.11.1-bin\bpt9gzteqjrbo1mjrsomdt32c\gradle-8.11.1\lib\agents\gradle-instrumentation-agent-8.11.1.jar org.gradle.launcher.daemon.bootstrap.GradleDaemon 8.11.1
٢٠٢٦-٠٥-٠٥T٠٧:١١:٣١.٣٦٩+0100 [DEBUG] [org.gradle.process.internal.DefaultExecHandle] Changing state to: STARTING
٢٠٢٦-٠٥-٠٥T٠٧:١١:٣١.٣٧١+0100 [DEBUG] [org.gradle.process.internal.DefaultExecHandle] Waiting until process started: Gradle build daemon.
٢٠٢٦-٠٥-٠٥T٠٧:١١:٣١.٣٨٤+0100 [DEBUG] [org.gradle.process.internal.DefaultExecHandle] Changing state to: STARTED
٢٠٢٦-٠٥-٠٥T٠٧:١١:٣١.٣٨٤+0100 [DEBUG] [org.gradle.process.internal.ExecHandleRunner] waiting until streams are handled...
٢٠٢٦-٠٥-٠٥T٠٧:١١:٣١.٣٨٤+0100 [INFO] [org.gradle.process.internal.DefaultExecHandle] Successfully started process 'Gradle build daemon'
٢٠٢٦-٠٥-٠٥T٠٧:١١:٣١.٣٨٤+0100 [DEBUG] [org.gradle.launcher.daemon.client.DefaultDaemonStarter] Gradle daemon process is starting. Waiting for the daemon to detach...
٢٠٢٦-٠٥-٠٥T٠٧:١١:٣١.٣٨٤+0100 [DEBUG] [org.gradle.launcher.daemon.bootstrap.DaemonOutputConsumer] Starting consuming the daemon process output.
٢٠٢٦-٠٥-٠٥T٠٧:١١:٣١.٧٥٨+0100 [DEBUG] [org.gradle.launcher.daemon.bootstrap.DaemonOutputConsumer] daemon out: WARNING: A restricted method in java.lang.System has been called
٢٠٢٦-٠٥-٠٥T٠٧:١١:٣١.٧٥٨+0100 [DEBUG] [org.gradle.launcher.daemon.bootstrap.DaemonOutputConsumer] daemon out: WARNING: java.lang.System::load has been called by net.rubygrapefruit.platform.internal.NativeLibraryLoader in an unnamed module (file:/C:/Users/moham/.gradle/wrapper/dists/gradle-8.11.1-bin/bpt9gzteqjrbo1mjrsomdt32c/gradle-8.11.1/lib/native-platform-0.22-milestone-26.jar)
٢٠٢٦-٠٥-٠٥T٠٧:١١:٣١.٧٥٨+0100 [DEBUG] [org.gradle.launcher.daemon.bootstrap.DaemonOutputConsumer] daemon out: WARNING: Use --enable-native-access=ALL-UNNAMED to avoid a warning for callers in this module
٢٠٢٦-٠٥-٠٥T٠٧:١١:٣١.٧٥٨+0100 [DEBUG] [org.gradle.launcher.daemon.bootstrap.DaemonOutputConsumer] daemon out: WARNING: Restricted methods will be blocked in a future release unless native access is enabled
٢٠٢٦-٠٥-٠٥T٠٧:١١:٣٢.٤٧٦+0100 [DEBUG] [org.gradle.launcher.daemon.bootstrap.DaemonOutputConsumer] daemon out: 
٢٠٢٦-٠٥-٠٥T٠٧:١١:٣٢.٤٧٦+0100 [DEBUG] [org.gradle.launcher.daemon.bootstrap.DaemonOutputConsumer] daemon out: Daemon started. About to close the streams. Daemon details: 0100053132373434002432643739646166652d336139342d346462342d383161652d616232396635643731376232f13b5c1e5bb543c5a06f335f8dee6b060000eefe00000001000000047f0000010039433a5c55736572735c6d6f68616d5c2e677261646c655c6461656d6f6e5c382e31312e315c6461656d6f6e2d31323734342e6f75742e6c6f67
٢٠٢٦-٠٥-٠٥T٠٧:١١:٣٢.٤٨٠+0100 [DEBUG] [org.gradle.process.internal.DefaultExecHandle] Changing state to: DETACHED
٢٠٢٦-٠٥-٠٥T٠٧:١١:٣٢.٤٨٠+0100 [DEBUG] [org.gradle.process.internal.DefaultExecHandle] Process 'Gradle build daemon' finished with exit value 0 (state: DETACHED)
٢٠٢٦-٠٥-٠٥T٠٧:١١:٣٢.٤٨٠+0100 [DEBUG] [org.gradle.launcher.daemon.client.DefaultDaemonStarter] Gradle daemon process is now detached.
٢٠٢٦-٠٥-٠٥T٠٧:١١:٣٢.٤٨٢+0100 [INFO] [org.gradle.launcher.daemon.client.DefaultDaemonStarter] An attempt to start the daemon took 1.12 secs.
٢٠٢٦-٠٥-٠٥T٠٧:١١:٣٢.٤٨٢+0100 [DEBUG] [org.gradle.launcher.daemon.client.DefaultDaemonConnector] Started Gradle daemon DaemonStartupInfo{pid=12744, uid=2d79dafe-3a94-4db4-81ae-ab29f5d717b2, address=[f13b5c1e-5bb5-43c5-a06f-335f8dee6b06 port:61182, addresses:[/127.0.0.1]], diagnostics={pid=12744, daemonLog=C:\Users\moham\.gradle\daemon\8.11.1\daemon-12744.out.log}}
٢٠٢٦-٠٥-٠٥T٠٧:١١:٣٢.٤٨٥+0100 [DEBUG] [org.gradle.internal.remote.internal.inet.InetAddresses] Adding IP addresses for network interface Realtek Gaming 2.5GbE Family Controller-WFP Native MAC Layer LightWeight Filter-0000
٢٠٢٦-٠٥-٠٥T٠٧:١١:٣٢.٤٨٥+0100 [DEBUG] [org.gradle.internal.remote.internal.inet.InetAddresses] Is this a loopback interface? false
٢٠٢٦-٠٥-٠٥T٠٧:١١:٣٢.٤٨٥+0100 [DEBUG] [org.gradle.internal.remote.internal.inet.InetAddresses] Adding IP addresses for network interface Realtek Gaming 2.5GbE Family Controller-QoS Packet Scheduler-0000
٢٠٢٦-٠٥-٠٥T٠٧:١١:٣٢.٤٨٦+0100 [DEBUG] [org.gradle.internal.remote.internal.inet.InetAddresses] Is this a loopback interface? false
٢٠٢٦-٠٥-٠٥T٠٧:١١:٣٢.٤٨٦+0100 [DEBUG] [org.gradle.internal.remote.internal.inet.InetAddresses] Adding IP addresses for network interface Realtek Gaming 2.5GbE Family Controller-WFP 802.3 MAC Layer LightWeight Filter-0000
٢٠٢٦-٠٥-٠٥T٠٧:١١:٣٢.٤٨٦+0100 [DEBUG] [org.gradle.internal.remote.internal.inet.InetAddresses] Is this a loopback interface? false
٢٠٢٦-٠٥-٠٥T٠٧:١١:٣٢.٤٨٦+0100 [DEBUG] [org.gradle.internal.remote.internal.inet.InetAddresses] Adding IP addresses for network interface WAN Miniport (IP)-WFP Native MAC Layer LightWeight Filter-0000
٢٠٢٦-٠٥-٠٥T٠٧:١١:٣٢.٤٨٦+0100 [DEBUG] [org.gradle.internal.remote.internal.inet.InetAddresses] Is this a loopback interface? false
٢٠٢٦-٠٥-٠٥T٠٧:١١:٣٢.٤٨٦+0100 [DEBUG] [org.gradle.internal.remote.internal.inet.InetAddresses] Adding IP addresses for network interface WAN Miniport (IP)-QoS Packet Scheduler-0000
٢٠٢٦-٠٥-٠٥T٠٧:١١:٣٢.٤٨٦+0100 [DEBUG] [org.gradle.internal.remote.internal.inet.InetAddresses] Is this a loopback interface? false
٢٠٢٦-٠٥-٠٥T٠٧:١١:٣٢.٤٨٦+0100 [DEBUG] [org.gradle.internal.remote.internal.inet.InetAddresses] Adding IP addresses for network interface WAN Miniport (IPv6)-WFP Native MAC Layer LightWeight Filter-0000
٢٠٢٦-٠٥-٠٥T٠٧:١١:٣٢.٤٨٦+0100 [DEBUG] [org.gradle.internal.remote.internal.inet.InetAddresses] Is this a loopback interface? false
٢٠٢٦-٠٥-٠٥T٠٧:١١:٣٢.٤٨٦+0100 [DEBUG] [org.gradle.internal.remote.internal.inet.InetAddresses] Adding IP addresses for network interface WAN Miniport (IPv6)-QoS Packet Scheduler-0000
٢٠٢٦-٠٥-٠٥T٠٧:١١:٣٢.٤٨٦+0100 [DEBUG] [org.gradle.internal.remote.internal.inet.InetAddresses] Is this a loopback interface? false
٢٠٢٦-٠٥-٠٥T٠٧:١١:٣٢.٤٨٦+0100 [DEBUG] [org.gradle.internal.remote.internal.inet.InetAddresses] Adding IP addresses for network interface WAN Miniport (Network Monitor)-WFP Native MAC Layer LightWeight Filter-0000
٢٠٢٦-٠٥-٠٥T٠٧:١١:٣٢.٤٨٦+0100 [DEBUG] [org.gradle.internal.remote.internal.inet.InetAddresses] Is this a loopback interface? false
٢٠٢٦-٠٥-٠٥T٠٧:١١:٣٢.٤٨٦+0100 [DEBUG] [org.gradle.internal.remote.internal.inet.InetAddresses] Adding IP addresses for network interface WAN Miniport (Network Monitor)-QoS Packet Scheduler-0000
٢٠٢٦-٠٥-٠٥T٠٧:١١:٣٢.٤٨٦+0100 [DEBUG] [org.gradle.internal.remote.internal.inet.InetAddresses] Is this a loopback interface? false
٢٠٢٦-٠٥-٠٥T٠٧:١١:٣٢.٤٨٦+0100 [DEBUG] [org.gradle.internal.remote.internal.inet.InetAddresses] Adding IP addresses for network interface Microsoft Kernel Debug Network Adapter
٢٠٢٦-٠٥-٠٥T٠٧:١١:٣٢.٤٨٦+0100 [DEBUG] [org.gradle.internal.remote.internal.inet.InetAddresses] Is this a loopback interface? false
٢٠٢٦-٠٥-٠٥T٠٧:١١:٣٢.٤٨٦+0100 [DEBUG] [org.gradle.internal.remote.internal.inet.InetAddresses] Adding IP addresses for network interface Realtek Gaming 2.5GbE Family Controller
٢٠٢٦-٠٥-٠٥T٠٧:١١:٣٢.٤٨٦+0100 [DEBUG] [org.gradle.internal.remote.internal.inet.InetAddresses] Is this a loopback interface? false
٢٠٢٦-٠٥-٠٥T٠٧:١١:٣٢.٤٨٦+0100 [DEBUG] [org.gradle.internal.remote.internal.inet.InetAddresses] Adding remote address /fe80:0:0:0:5d73:f498:ba50:a70d%ethernet_32769
٢٠٢٦-٠٥-٠٥T٠٧:١١:٣٢.٤٨٦+0100 [DEBUG] [org.gradle.internal.remote.internal.inet.InetAddresses] Adding IP addresses for network interface WAN Miniport (IP)
٢٠٢٦-٠٥-٠٥T٠٧:١١:٣٢.٤٨٦+0100 [DEBUG] [org.gradle.internal.remote.internal.inet.InetAddresses] Is this a loopback interface? false
٢٠٢٦-٠٥-٠٥T٠٧:١١:٣٢.٤٨٦+0100 [DEBUG] [org.gradle.internal.remote.internal.inet.InetAddresses] Adding IP addresses for network interface WAN Miniport (IPv6)
٢٠٢٦-٠٥-٠٥T٠٧:١١:٣٢.٤٨٦+0100 [DEBUG] [org.gradle.internal.remote.internal.inet.InetAddresses] Is this a loopback interface? false
٢٠٢٦-٠٥-٠٥T٠٧:١١:٣٢.٤٨٦+0100 [DEBUG] [org.gradle.internal.remote.internal.inet.InetAddresses] Adding IP addresses for network interface WAN Miniport (Network Monitor)
٢٠٢٦-٠٥-٠٥T٠٧:١١:٣٢.٤٨٦+0100 [DEBUG] [org.gradle.internal.remote.internal.inet.InetAddresses] Is this a loopback interface? false
٢٠٢٦-٠٥-٠٥T٠٧:١١:٣٢.٤٨٦+0100 [DEBUG] [org.gradle.internal.remote.internal.inet.InetAddresses] Adding IP addresses for network interface WAN Miniport (PPPOE)
٢٠٢٦-٠٥-٠٥T٠٧:١١:٣٢.٤٨٦+0100 [DEBUG] [org.gradle.internal.remote.internal.inet.InetAddresses] Is this a loopback interface? false
٢٠٢٦-٠٥-٠٥T٠٧:١١:٣٢.٤٨٦+0100 [DEBUG] [org.gradle.internal.remote.internal.inet.InetAddresses] Adding IP addresses for network interface RAS Async Adapter
٢٠٢٦-٠٥-٠٥T٠٧:١١:٣٢.٤٨٦+0100 [DEBUG] [org.gradle.internal.remote.internal.inet.InetAddresses] Is this a loopback interface? false
٢٠٢٦-٠٥-٠٥T٠٧:١١:٣٢.٤٨٦+0100 [DEBUG] [org.gradle.internal.remote.internal.inet.InetAddresses] Adding IP addresses for network interface Software Loopback Interface 1
٢٠٢٦-٠٥-٠٥T٠٧:١١:٣٢.٤٨٦+0100 [DEBUG] [org.gradle.internal.remote.internal.inet.InetAddresses] Is this a loopback interface? true
٢٠٢٦-٠٥-٠٥T٠٧:١١:٣٢.٤٨٦+0100 [DEBUG] [org.gradle.internal.remote.internal.inet.InetAddresses] Adding loopback address /0:0:0:0:0:0:0:1
٢٠٢٦-٠٥-٠٥T٠٧:١١:٣٢.٤٨٦+0100 [DEBUG] [org.gradle.internal.remote.internal.inet.InetAddresses] Adding loopback address /127.0.0.1
٢٠٢٦-٠٥-٠٥T٠٧:١١:٣٢.٤٨٦+0100 [DEBUG] [org.gradle.internal.remote.internal.inet.InetAddresses] Adding IP addresses for network interface 802.11n USB Wireless LAN Card-WFP Native MAC Layer LightWeight Filter-0000
٢٠٢٦-٠٥-٠٥T٠٧:١١:٣٢.٤٨٦+0100 [DEBUG] [org.gradle.internal.remote.internal.inet.InetAddresses] Is this a loopback interface? false
٢٠٢٦-٠٥-٠٥T٠٧:١١:٣٢.٤٨٦+0100 [DEBUG] [org.gradle.internal.remote.internal.inet.InetAddresses] Adding IP addresses for network interface 802.11n USB Wireless LAN Card-Virtual WiFi Filter Driver-0000
٢٠٢٦-٠٥-٠٥T٠٧:١١:٣٢.٤٨٦+0100 [DEBUG] [org.gradle.internal.remote.internal.inet.InetAddresses] Is this a loopback interface? false
٢٠٢٦-٠٥-٠٥T٠٧:١١:٣٢.٤٨٦+0100 [DEBUG] [org.gradle.internal.remote.internal.inet.InetAddresses] Adding IP addresses for network interface 802.11n USB Wireless LAN Card-Native WiFi Filter Driver-0000
٢٠٢٦-٠٥-٠٥T٠٧:١١:٣٢.٤٨٦+0100 [DEBUG] [org.gradle.internal.remote.internal.inet.InetAddresses] Is this a loopback interface? false
٢٠٢٦-٠٥-٠٥T٠٧:١١:٣٢.٤٨٦+0100 [DEBUG] [org.gradle.internal.remote.internal.inet.InetAddresses] Adding IP addresses for network interface 802.11n USB Wireless LAN Card-QoS Packet Scheduler-0000
٢٠٢٦-٠٥-٠٥T٠٧:١١:٣٢.٤٨٦+0100 [DEBUG] [org.gradle.internal.remote.internal.inet.InetAddresses] Is this a loopback interface? false
٢٠٢٦-٠٥-٠٥T٠٧:١١:٣٢.٤٨٦+0100 [DEBUG] [org.gradle.internal.remote.internal.inet.InetAddresses] Adding IP addresses for network interface 802.11n USB Wireless LAN Card-WFP 802.3 MAC Layer LightWeight Filter-0000
٢٠٢٦-٠٥-٠٥T٠٧:١١:٣٢.٤٨٦+0100 [DEBUG] [org.gradle.internal.remote.internal.inet.InetAddresses] Is this a loopback interface? false
٢٠٢٦-٠٥-٠٥T٠٧:١١:٣٢.٤٨٦+0100 [DEBUG] [org.gradle.internal.remote.internal.inet.InetAddresses] Adding IP addresses for network interface Microsoft Wi-Fi Direct Virtual Adapter-WFP Native MAC Layer LightWeight Filter-0000
٢٠٢٦-٠٥-٠٥T٠٧:١١:٣٢.٤٨٦+0100 [DEBUG] [org.gradle.internal.remote.internal.inet.InetAddresses] Is this a loopback interface? false
٢٠٢٦-٠٥-٠٥T٠٧:١١:٣٢.٤٨٦+0100 [DEBUG] [org.gradle.internal.remote.internal.inet.InetAddresses] Adding IP addresses for network interface Microsoft Wi-Fi Direct Virtual Adapter-Native WiFi Filter Driver-0000
٢٠٢٦-٠٥-٠٥T٠٧:١١:٣٢.٤٨٧+0100 [DEBUG] [org.gradle.internal.remote.internal.inet.InetAddresses] Is this a loopback interface? false
٢٠٢٦-٠٥-٠٥T٠٧:١١:٣٢.٤٨٧+0100 [DEBUG] [org.gradle.internal.remote.internal.inet.InetAddresses] Adding IP addresses for network interface Microsoft Wi-Fi Direct Virtual Adapter-QoS Packet Scheduler-0000
٢٠٢٦-٠٥-٠٥T٠٧:١١:٣٢.٤٨٧+0100 [DEBUG] [org.gradle.internal.remote.internal.inet.InetAddresses] Is this a loopback interface? false
٢٠٢٦-٠٥-٠٥T٠٧:١١:٣٢.٤٨٧+0100 [DEBUG] [org.gradle.internal.remote.internal.inet.InetAddresses] Adding IP addresses for network interface Microsoft Wi-Fi Direct Virtual Adapter-WFP 802.3 MAC Layer LightWeight Filter-0000
٢٠٢٦-٠٥-٠٥T٠٧:١١:٣٢.٤٨٧+0100 [DEBUG] [org.gradle.internal.remote.internal.inet.InetAddresses] Is this a loopback interface? false
٢٠٢٦-٠٥-٠٥T٠٧:١١:٣٢.٤٨٧+0100 [DEBUG] [org.gradle.internal.remote.internal.inet.InetAddresses] Adding IP addresses for network interface Microsoft Wi-Fi Direct Virtual Adapter #2-WFP Native MAC Layer LightWeight Filter-0000
٢٠٢٦-٠٥-٠٥T٠٧:١١:٣٢.٤٨٧+0100 [DEBUG] [org.gradle.internal.remote.internal.inet.InetAddresses] Is this a loopback interface? false
٢٠٢٦-٠٥-٠٥T٠٧:١١:٣٢.٤٨٧+0100 [DEBUG] [org.gradle.internal.remote.internal.inet.InetAddresses] Adding IP addresses for network interface Microsoft Wi-Fi Direct Virtual Adapter #2-Native WiFi Filter Driver-0000
٢٠٢٦-٠٥-٠٥T٠٧:١١:٣٢.٤٨٧+0100 [DEBUG] [org.gradle.internal.remote.internal.inet.InetAddresses] Is this a loopback interface? false
٢٠٢٦-٠٥-٠٥T٠٧:١١:٣٢.٤٨٧+0100 [DEBUG] [org.gradle.internal.remote.internal.inet.InetAddresses] Adding IP addresses for network interface Microsoft Wi-Fi Direct Virtual Adapter #2-QoS Packet Scheduler-0000
٢٠٢٦-٠٥-٠٥T٠٧:١١:٣٢.٤٨٧+0100 [DEBUG] [org.gradle.internal.remote.internal.inet.InetAddresses] Is this a loopback interface? false
٢٠٢٦-٠٥-٠٥T٠٧:١١:٣٢.٤٨٧+0100 [DEBUG] [org.gradle.internal.remote.internal.inet.InetAddresses] Adding IP addresses for network interface Microsoft Wi-Fi Direct Virtual Adapter #2-WFP 802.3 MAC Layer LightWeight Filter-0000
٢٠٢٦-٠٥-٠٥T٠٧:١١:٣٢.٤٨٧+0100 [DEBUG] [org.gradle.internal.remote.internal.inet.InetAddresses] Is this a loopback interface? false
٢٠٢٦-٠٥-٠٥T٠٧:١١:٣٢.٤٨٧+0100 [DEBUG] [org.gradle.internal.remote.internal.inet.InetAddresses] Adding IP addresses for network interface 802.11n USB Wireless LAN Card
٢٠٢٦-٠٥-٠٥T٠٧:١١:٣٢.٤٨٧+0100 [DEBUG] [org.gradle.internal.remote.internal.inet.InetAddresses] Is this a loopback interface? false
٢٠٢٦-٠٥-٠٥T٠٧:١١:٣٢.٤٨٧+0100 [DEBUG] [org.gradle.internal.remote.internal.inet.InetAddresses] Adding remote address /fe80:0:0:0:1633:8547:c334:2fb6%wireless_32768
٢٠٢٦-٠٥-٠٥T٠٧:١١:٣٢.٤٨٧+0100 [DEBUG] [org.gradle.internal.remote.internal.inet.InetAddresses] Adding remote address /10.156.239.43
٢٠٢٦-٠٥-٠٥T٠٧:١١:٣٢.٤٨٧+0100 [DEBUG] [org.gradle.internal.remote.internal.inet.InetAddresses] Adding IP addresses for network interface Microsoft Wi-Fi Direct Virtual Adapter
٢٠٢٦-٠٥-٠٥T٠٧:١١:٣٢.٤٨٧+0100 [DEBUG] [org.gradle.internal.remote.internal.inet.InetAddresses] Is this a loopback interface? false
٢٠٢٦-٠٥-٠٥T٠٧:١١:٣٢.٤٨٧+0100 [DEBUG] [org.gradle.internal.remote.internal.inet.InetAddresses] Adding remote address /fe80:0:0:0:7829:9727:6a2e:7da3%wireless_32769
٢٠٢٦-٠٥-٠٥T٠٧:١١:٣٢.٤٨٧+0100 [DEBUG] [org.gradle.internal.remote.internal.inet.InetAddresses] Adding IP addresses for network interface Microsoft Wi-Fi Direct Virtual Adapter #2
٢٠٢٦-٠٥-٠٥T٠٧:١١:٣٢.٤٨٧+0100 [DEBUG] [org.gradle.internal.remote.internal.inet.InetAddresses] Is this a loopback interface? false
٢٠٢٦-٠٥-٠٥T٠٧:١١:٣٢.٤٨٧+0100 [DEBUG] [org.gradle.internal.remote.internal.inet.InetAddresses] Adding remote address /fe80:0:0:0:887d:537:1143:e5b6%wireless_32770
٢٠٢٦-٠٥-٠٥T٠٧:١١:٣٢.٤٨٧+0100 [DEBUG] [org.gradle.internal.remote.internal.inet.InetAddresses] Adding IP addresses for network interface Microsoft Teredo Tunneling Adapter
٢٠٢٦-٠٥-٠٥T٠٧:١١:٣٢.٤٨٧+0100 [DEBUG] [org.gradle.internal.remote.internal.inet.InetAddresses] Is this a loopback interface? false
٢٠٢٦-٠٥-٠٥T٠٧:١١:٣٢.٤٨٧+0100 [DEBUG] [org.gradle.internal.remote.internal.inet.InetAddresses] Adding IP addresses for network interface Microsoft IP-HTTPS Platform Adapter
٢٠٢٦-٠٥-٠٥T٠٧:١١:٣٢.٤٨٧+0100 [DEBUG] [org.gradle.internal.remote.internal.inet.InetAddresses] Is this a loopback interface? false
٢٠٢٦-٠٥-٠٥T٠٧:١١:٣٢.٤٨٧+0100 [DEBUG] [org.gradle.internal.remote.internal.inet.InetAddresses] Adding IP addresses for network interface Microsoft 6to4 Adapter
٢٠٢٦-٠٥-٠٥T٠٧:١١:٣٢.٤٨٧+0100 [DEBUG] [org.gradle.internal.remote.internal.inet.InetAddresses] Is this a loopback interface? false
٢٠٢٦-٠٥-٠٥T٠٧:١١:٣٢.٤٨٧+0100 [DEBUG] [org.gradle.internal.remote.internal.inet.InetAddresses] Adding IP addresses for network interface WAN Miniport (SSTP)
٢٠٢٦-٠٥-٠٥T٠٧:١١:٣٢.٤٨٧+0100 [DEBUG] [org.gradle.internal.remote.internal.inet.InetAddresses] Is this a loopback interface? false
٢٠٢٦-٠٥-٠٥T٠٧:١١:٣٢.٤٨٧+0100 [DEBUG] [org.gradle.internal.remote.internal.inet.InetAddresses] Adding IP addresses for network interface WAN Miniport (IKEv2)
٢٠٢٦-٠٥-٠٥T٠٧:١١:٣٢.٤٨٧+0100 [DEBUG] [org.gradle.internal.remote.internal.inet.InetAddresses] Is this a loopback interface? false
٢٠٢٦-٠٥-٠٥T٠٧:١١:٣٢.٤٨٧+0100 [DEBUG] [org.gradle.internal.remote.internal.inet.InetAddresses] Adding IP addresses for network interface WAN Miniport (L2TP)
٢٠٢٦-٠٥-٠٥T٠٧:١١:٣٢.٤٨٧+0100 [DEBUG] [org.gradle.internal.remote.internal.inet.InetAddresses] Is this a loopback interface? false
٢٠٢٦-٠٥-٠٥T٠٧:١١:٣٢.٤٨٧+0100 [DEBUG] [org.gradle.internal.remote.internal.inet.InetAddresses] Adding IP addresses for network interface WAN Miniport (PPTP)
٢٠٢٦-٠٥-٠٥T٠٧:١١:٣٢.٤٨٧+0100 [DEBUG] [org.gradle.internal.remote.internal.inet.InetAddresses] Is this a loopback interface? false
٢٠٢٦-٠٥-٠٥T٠٧:١١:٣٢.٤٩٨+0100 [DEBUG] [org.gradle.cache.internal.DefaultFileLockManager] Waiting to acquire shared lock on daemon addresses registry.
٢٠٢٦-٠٥-٠٥T٠٧:١١:٣٢.٤٩٩+0100 [DEBUG] [org.gradle.cache.internal.DefaultFileLockManager] Lock acquired on daemon addresses registry.
٢٠٢٦-٠٥-٠٥T٠٧:١١:٣٢.٥٠٥+0100 [DEBUG] [org.gradle.cache.internal.DefaultFileLockManager] Releasing lock on daemon addresses registry.
٢٠٢٦-٠٥-٠٥T٠٧:١١:٣٢.٥٠٥+0100 [DEBUG] [org.gradle.internal.remote.internal.inet.TcpOutgoingConnector] Attempting to connect to [f13b5c1e-5bb5-43c5-a06f-335f8dee6b06 port:61182, addresses:[/127.0.0.1]].
٢٠٢٦-٠٥-٠٥T٠٧:١١:٣٢.٥٠٥+0100 [DEBUG] [org.gradle.internal.remote.internal.inet.TcpOutgoingConnector] Trying to connect to address /127.0.0.1.
٢٠٢٦-٠٥-٠٥T٠٧:١١:٣٢.٥٠٧+0100 [DEBUG] [org.gradle.internal.remote.internal.inet.TcpOutgoingConnector] Connected to address /127.0.0.1:61182.
٢٠٢٦-٠٥-٠٥T٠٧:١١:٣٢.٥٤٠+0100 [DEBUG] [org.gradle.launcher.daemon.client.DaemonClient] Connected to daemon DaemonInfo{pid=12744, address=[f13b5c1e-5bb5-43c5-a06f-335f8dee6b06 port:61182, addresses:[/127.0.0.1]], state=Busy, lastBusy=1777961492473, context=DefaultDaemonContext[uid=2d79dafe-3a94-4db4-81ae-ab29f5d717b2,javaHome=C:\Users\moham\AppData\Local\Programs\Eclipse Adoptium\jdk-25.0.1.8-hotspot,javaVersion=25,javaVendor=Eclipse Adoptium,daemonRegistryDir=C:\Users\moham\.gradle\daemon,pid=12744,idleTimeout=120000,priority=NORMAL,applyInstrumentationAgent=true,nativeServicesMode=ENABLED,daemonOpts=-Xmx2048m,-Dfile.encoding=UTF-8,-Duser.country=SA,-Duser.language=ar,-Duser.variant]}. Dispatching request Build{id=5a9197ad-3e60-46e4-90a5-6acee3331154, currentDir=C:\Users\moham\gard}.
٢٠٢٦-٠٥-٠٥T٠٧:١١:٣٢.٥٤٠+0100 [DEBUG] [org.gradle.launcher.daemon.client.DaemonClientConnection] thread 3: dispatching class org.gradle.launcher.daemon.protocol.Build
٢٠٢٦-٠٥-٠٥T٠٧:١١:٣٢.٥٦٩+0100 [DEBUG] [org.gradle.launcher.daemon.client.DaemonClient] Received result org.gradle.launcher.daemon.protocol.BuildStarted@20b5f2ac from daemon DaemonInfo{pid=12744, address=[f13b5c1e-5bb5-43c5-a06f-335f8dee6b06 port:61182, addresses:[/127.0.0.1]], state=Busy, lastBusy=1777961492473, context=DefaultDaemonContext[uid=2d79dafe-3a94-4db4-81ae-ab29f5d717b2,javaHome=C:\Users\moham\AppData\Local\Programs\Eclipse Adoptium\jdk-25.0.1.8-hotspot,javaVersion=25,javaVendor=Eclipse Adoptium,daemonRegistryDir=C:\Users\moham\.gradle\daemon,pid=12744,idleTimeout=120000,priority=NORMAL,applyInstrumentationAgent=true,nativeServicesMode=ENABLED,daemonOpts=-Xmx2048m,-Dfile.encoding=UTF-8,-Duser.country=SA,-Duser.language=ar,-Duser.variant]} (build should be starting).
٢٠٢٦-٠٥-٠٥T٠٧:١١:٣٢.٥٧٤+0100 [INFO] [org.gradle.launcher.daemon.server.exec.LogToClient] The client will now receive all logging from the daemon (pid: 12744). The daemon log file: C:\Users\moham\.gradle\daemon\8.11.1\daemon-12744.out.log
٢٠٢٦-٠٥-٠٥T٠٧:١١:٣٢.٥٧٥+0100 [DEBUG] [org.gradle.launcher.daemon.server.exec.RequestStopIfSingleUsedDaemon] Requesting daemon stop after processing Build{id=5a9197ad-3e60-46e4-90a5-6acee3331154, currentDir=C:\Users\moham\gard}
٢٠٢٦-٠٥-٠٥T٠٧:١١:٣٢.٥٧٥+0100 [LIFECYCLE] [org.gradle.launcher.daemon.server.DaemonStateCoordinator] Daemon will be stopped at the end of the build 
٢٠٢٦-٠٥-٠٥T٠٧:١١:٣٢.٥٧٦+0100 [DEBUG] [org.gradle.launcher.daemon.server.DaemonStateCoordinator] Stop as soon as idle requested. The daemon is busy
٢٠٢٦-٠٥-٠٥T٠٧:١١:٣٢.٥٧٦+0100 [DEBUG] [org.gradle.launcher.daemon.server.DaemonStateCoordinator] daemon stop has been requested. Sleeping until state changes.
٢٠٢٦-٠٥-٠٥T٠٧:١١:٣٢.٥٧٦+0100 [DEBUG] [org.gradle.launcher.daemon.server.exec.ExecuteBuild] The daemon has started executing the build.
٢٠٢٦-٠٥-٠٥T٠٧:١١:٣٢.٥٧٧+0100 [DEBUG] [org.gradle.launcher.daemon.server.exec.ExecuteBuild] Executing build with daemon context: DefaultDaemonContext[uid=2d79dafe-3a94-4db4-81ae-ab29f5d717b2,javaHome=C:\Users\moham\AppData\Local\Programs\Eclipse Adoptium\jdk-25.0.1.8-hotspot,javaVersion=25,javaVendor=Eclipse Adoptium,daemonRegistryDir=C:\Users\moham\.gradle\daemon,pid=12744,idleTimeout=120000,priority=NORMAL,applyInstrumentationAgent=true,nativeServicesMode=ENABLED,daemonOpts=-Xmx2048m,-Dfile.encoding=UTF-8,-Duser.country=SA,-Duser.language=ar,-Duser.variant]
٢٠٢٦-٠٥-٠٥T٠٧:١١:٣٢.٧٧٤+0100 [DEBUG] [org.gradle.cache.internal.DefaultCacheCoordinator] Creating new cache for file-access, path C:\Users\moham\.gradle\caches\journal-1\file-access.bin, access org.gradle.cache.internal.DefaultCacheCoordinator@4683b3b3
٢٠٢٦-٠٥-٠٥T٠٧:١١:٣٢.٧٨٢+0100 [DEBUG] [org.gradle.cache.internal.DefaultInMemoryCacheDecoratorFactory] Creating in-memory store for cache C:\Users\moham\.gradle\caches\journal-1\file-access.bin (max size: 24900)
٢٠٢٦-٠٥-٠٥T٠٧:١١:٣٢.٧٨٣+0100 [DEBUG] [org.gradle.cache.internal.LockOnDemandCrossProcessCacheAccess] Acquiring file lock for journal cache (C:\Users\moham\.gradle\caches\journal-1)
٢٠٢٦-٠٥-٠٥T٠٧:١١:٣٢.٧٨٥+0100 [DEBUG] [org.gradle.cache.internal.locklistener.DefaultFileLockContentionHandler] Starting file lock listener thread.
٢٠٢٦-٠٥-٠٥T٠٧:١١:٣٢.٧٨٥+0100 [DEBUG] [org.gradle.cache.internal.DefaultFileLockManager] Waiting to acquire exclusive lock on journal cache (C:\Users\moham\.gradle\caches\journal-1).
٢٠٢٦-٠٥-٠٥T٠٧:١١:٣٢.٧٨٥+0100 [DEBUG] [org.gradle.cache.internal.DefaultFileLockManager] Lock acquired on journal cache (C:\Users\moham\.gradle\caches\journal-1).
٢٠٢٦-٠٥-٠٥T٠٧:١١:٣٢.٨٠٠+0100 [DEBUG] [org.gradle.cache.internal.DefaultCacheCoordinator] Creating new cache for resourceHashesCache, path C:\Users\moham\.gradle\caches\8.11.1\fileHashes\resourceHashesCache.bin, access org.gradle.cache.internal.DefaultCacheCoordinator@2e820dc7
٢٠٢٦-٠٥-٠٥T٠٧:١١:٣٢.٨٠٠+0100 [DEBUG] [org.gradle.cache.internal.DefaultInMemoryCacheDecoratorFactory] Creating in-memory store for cache C:\Users\moham\.gradle\caches\8.11.1\fileHashes\resourceHashesCache.bin (max size: 998900)
٢٠٢٦-٠٥-٠٥T٠٧:١١:٣٢.٨٠٠+0100 [DEBUG] [org.gradle.cache.internal.LockOnDemandCrossProcessCacheAccess] Acquiring file lock for file hash cache (C:\Users\moham\.gradle\caches\8.11.1\fileHashes)
٢٠٢٦-٠٥-٠٥T٠٧:١١:٣٢.٨٠١+0100 [DEBUG] [org.gradle.cache.internal.DefaultFileLockManager] Waiting to acquire exclusive lock on file hash cache (C:\Users\moham\.gradle\caches\8.11.1\fileHashes).
٢٠٢٦-٠٥-٠٥T٠٧:١١:٣٢.٨٠١+0100 [DEBUG] [org.gradle.cache.internal.DefaultFileLockManager] Lock acquired on file hash cache (C:\Users\moham\.gradle\caches\8.11.1\fileHashes).
٢٠٢٦-٠٥-٠٥T٠٧:١١:٣٢.٨١٢+0100 [DEBUG] [org.gradle.cache.internal.DefaultCacheCoordinator] Creating new cache for fileHashes, path C:\Users\moham\.gradle\caches\8.11.1\fileHashes\fileHashes.bin, access org.gradle.cache.internal.DefaultCacheCoordinator@2e820dc7
٢٠٢٦-٠٥-٠٥T٠٧:١١:٣٢.٨١٢+0100 [DEBUG] [org.gradle.cache.internal.DefaultInMemoryCacheDecoratorFactory] Creating in-memory store for cache C:\Users\moham\.gradle\caches\8.11.1\fileHashes\fileHashes.bin (max size: 998900)
٢٠٢٦-٠٥-٠٥T٠٧:١١:٣٢.٨٧٤+0100 [INFO] [org.gradle.internal.work.DefaultWorkerLeaseService] Using 12 worker leases.
٢٠٢٦-٠٥-٠٥T٠٧:١١:٣٢.٨٩٧+0100 [DEBUG] [org.gradle.internal.resources.AbstractTrackedResourceLock] Daemon worker: acquired lock on worker lease
٢٠٢٦-٠٥-٠٥T٠٧:١١:٣٢.٩٠٠+0100 [DEBUG] [org.gradle.internal.operations.DefaultBuildOperationRunner] Build operation 'Run build' started
٢٠٢٦-٠٥-٠٥T٠٧:١١:٣٣.٠٦١+0100 [DEBUG] [org.gradle.cache.internal.DefaultCacheCoordinator] Creating new cache for java-modules, path C:\Users\moham\.gradle\caches\8.11.1\fileContent\java-modules.bin, access org.gradle.cache.internal.DefaultCacheCoordinator@22beb7bf
٢٠٢٦-٠٥-٠٥T٠٧:١١:٣٣.٠٦٢+0100 [DEBUG] [org.gradle.cache.internal.DefaultInMemoryCacheDecoratorFactory] Creating in-memory store for cache C:\Users\moham\.gradle\caches\8.11.1\fileContent\java-modules.bin (max size: 49900)
٢٠٢٦-٠٥-٠٥T٠٧:١١:٣٣.٠٦٢+0100 [DEBUG] [org.gradle.cache.internal.LockOnDemandCrossProcessCacheAccess] Acquiring file lock for file content cache (C:\Users\moham\.gradle\caches\8.11.1\fileContent)
٢٠٢٦-٠٥-٠٥T٠٧:١١:٣٣.٠٦٣+0100 [DEBUG] [org.gradle.cache.internal.DefaultFileLockManager] Waiting to acquire exclusive lock on file content cache (C:\Users\moham\.gradle\caches\8.11.1\fileContent).
٢٠٢٦-٠٥-٠٥T٠٧:١١:٣٣.٠٦٣+0100 [DEBUG] [org.gradle.cache.internal.DefaultFileLockManager] Lock acquired on file content cache (C:\Users\moham\.gradle\caches\8.11.1\fileContent).
٢٠٢٦-٠٥-٠٥T٠٧:١١:٣٣.٠٦٨+0100 [INFO] [org.gradle.internal.jvm.inspection.DefaultJvmMetadataDetector] Received JVM installation metadata from 'C:\Users\moham\AppData\Local\Programs\Eclipse Adoptium\jdk-25.0.1.8-hotspot': {JAVA_HOME=C:\Users\moham\AppData\Local\Programs\Eclipse Adoptium\jdk-25.0.1.8-hotspot, JAVA_VERSION=25.0.1, JAVA_VENDOR=Eclipse Adoptium, RUNTIME_NAME=OpenJDK Runtime Environment, RUNTIME_VERSION=25.0.1+8-LTS, VM_NAME=OpenJDK 64-Bit Server VM, VM_VERSION=25.0.1+8-LTS, VM_VENDOR=Eclipse Adoptium, OS_ARCH=amd64}
٢٠٢٦-٠٥-٠٥T٠٧:١١:٣٣.٢٠١+0100 [DEBUG] [org.gradle.cache.internal.DefaultCacheCoordinator] Creating new cache for fileHashes, path C:\Users\moham\gard\.gradle\8.11.1\fileHashes\fileHashes.bin, access org.gradle.cache.internal.DefaultCacheCoordinator@caae65d
٢٠٢٦-٠٥-٠٥T٠٧:١١:٣٣.٢٠٣+0100 [DEBUG] [org.gradle.cache.internal.DefaultInMemoryCacheDecoratorFactory] Creating in-memory store for cache C:\Users\moham\gard\.gradle\8.11.1\fileHashes\fileHashes.bin (max size: 998900)
٢٠٢٦-٠٥-٠٥T٠٧:١١:٣٣.٢٠٤+0100 [DEBUG] [org.gradle.cache.internal.LockOnDemandCrossProcessCacheAccess] Acquiring file lock for file hash cache (C:\Users\moham\gard\.gradle\8.11.1\fileHashes)
٢٠٢٦-٠٥-٠٥T٠٧:١١:٣٣.٢٠٥+0100 [DEBUG] [org.gradle.cache.internal.DefaultFileLockManager] Waiting to acquire exclusive lock on file hash cache (C:\Users\moham\gard\.gradle\8.11.1\fileHashes).
٢٠٢٦-٠٥-٠٥T٠٧:١١:٣٣.٢٠٥+0100 [DEBUG] [org.gradle.cache.internal.DefaultFileLockManager] Lock acquired on file hash cache (C:\Users\moham\gard\.gradle\8.11.1\fileHashes).
٢٠٢٦-٠٥-٠٥T٠٧:١١:٣٣.٢٢١+0100 [DEBUG] [org.gradle.cache.internal.DefaultCacheCoordinator] Creating new cache for outputFiles, path C:\Users\moham\gard\.gradle\buildOutputCleanup\outputFiles.bin, access org.gradle.cache.internal.DefaultCacheCoordinator@65a10867
٢٠٢٦-٠٥-٠٥T٠٧:١١:٣٣.٢٢٢+0100 [DEBUG] [org.gradle.cache.internal.DefaultInMemoryCacheDecoratorFactory] Creating in-memory store for cache C:\Users\moham\gard\.gradle\buildOutputCleanup\outputFiles.bin (max size: 249700)
٢٠٢٦-٠٥-٠٥T٠٧:١١:٣٣.٢٢٢+0100 [DEBUG] [org.gradle.cache.internal.LockOnDemandCrossProcessCacheAccess] Acquiring file lock for Build Output Cleanup Cache (C:\Users\moham\gard\.gradle\buildOutputCleanup)
٢٠٢٦-٠٥-٠٥T٠٧:١١:٣٣.٢٢٣+0100 [DEBUG] [org.gradle.cache.internal.DefaultFileLockManager] Waiting to acquire exclusive lock on Build Output Cleanup Cache (C:\Users\moham\gard\.gradle\buildOutputCleanup).
٢٠٢٦-٠٥-٠٥T٠٧:١١:٣٣.٢٢٤+0100 [DEBUG] [org.gradle.cache.internal.DefaultFileLockManager] Lock acquired on Build Output Cleanup Cache (C:\Users\moham\gard\.gradle\buildOutputCleanup).
٢٠٢٦-٠٥-٠٥T٠٧:١١:٣٣.٢٥٣+0100 [DEBUG] [org.gradle.cache.internal.DefaultCacheCoordinator] Creating new cache for resourceHashesCache, path C:\Users\moham\gard\.gradle\8.11.1\fileHashes\resourceHashesCache.bin, access org.gradle.cache.internal.DefaultCacheCoordinator@caae65d
٢٠٢٦-٠٥-٠٥T٠٧:١١:٣٣.٢٥٣+0100 [DEBUG] [org.gradle.cache.internal.DefaultInMemoryCacheDecoratorFactory] Creating in-memory store for cache C:\Users\moham\gard\.gradle\8.11.1\fileHashes\resourceHashesCache.bin (max size: 1997800)
٢٠٢٦-٠٥-٠٥T٠٧:١١:٣٣.٣٤١+0100 [INFO] [org.gradle.tooling.internal.provider.FileSystemWatchingBuildActionRunner] Watching the file system is configured to be enabled if available
٢٠٢٦-٠٥-٠٥T٠٧:١١:٣٣.٣٤١+0100 [DEBUG] [org.gradle.tooling.internal.provider.FileSystemWatchingBuildActionRunner] Watching the file system computed to be enabled if available
٢٠٢٦-٠٥-٠٥T٠٧:١١:٣٣.٣٤٣+0100 [DEBUG] [org.gradle.internal.operations.DefaultBuildOperationRunner] Build operation 'Build started for file system watching' started
٢٠٢٦-٠٥-٠٥T٠٧:١١:٣٣.٣٤٥+0100 [DEBUG] [org.gradle.internal.watch.vfs.impl.DefaultWatchableFileSystemDetector] Detected NTFS: C:\ from \Device\HarddiskVolume3 (remote: false)
٢٠٢٦-٠٥-٠٥T٠٧:١١:٣٣.٣٥١+0100 [DEBUG] [org.gradle.internal.watch.registry.impl.DefaultFileWatcherRegistry] Started listening to file system change events
٢٠٢٦-٠٥-٠٥T٠٧:١١:٣٣.٣٥٣+0100 [INFO] [org.gradle.internal.watch.registry.impl.WatchableHierarchies] Now considering [C:\Users\moham\gard] as hierarchies to watch
٢٠٢٦-٠٥-٠٥T٠٧:١١:٣٣.٣٥٣+0100 [DEBUG] [org.gradle.internal.watch.registry.impl.DefaultFileWatcherProbeRegistry] Registering probe for C:\Users\moham\gard
٢٠٢٦-٠٥-٠٥T٠٧:١١:٣٣.٣٥٥+0100 [DEBUG] [org.gradle.internal.operations.DefaultBuildOperationRunner] Completing Build operation 'Build started for file system watching'
٢٠٢٦-٠٥-٠٥T٠٧:١١:٣٣.٣٥٥+0100 [DEBUG] [org.gradle.internal.operations.DefaultBuildOperationRunner] Build operation 'Build started for file system watching' completed
٢٠٢٦-٠٥-٠٥T٠٧:١١:٣٣.٣٥٥+0100 [INFO] [org.gradle.tooling.internal.provider.FileSystemWatchingBuildActionRunner] File system watching is active
٢٠٢٦-٠٥-٠٥T٠٧:١١:٣٣.٣٦٣+0100 [DEBUG] [org.gradle.internal.operations.DefaultBuildOperationRunner] Build operation 'Load build' started
٢٠٢٦-٠٥-٠٥T٠٧:١١:٣٣.٣٧٢+0100 [DEBUG] [org.gradle.initialization.properties.DefaultProjectPropertiesLoader] Found env project properties: []
٢٠٢٦-٠٥-٠٥T٠٧:١١:٣٣.٣٧٢+0100 [DEBUG] [org.gradle.initialization.properties.DefaultProjectPropertiesLoader] Found system project properties: []
٢٠٢٦-٠٥-٠٥T٠٧:١١:٣٣.٣٧٤+0100 [DEBUG] [org.gradle.internal.operations.DefaultBuildOperationRunner] Build operation 'Evaluate settings' started
٢٠٢٦-٠٥-٠٥T٠٧:١١:٣٣.٤١٧+0100 [DEBUG] [org.gradle.cache.internal.DefaultCacheCoordinator] Creating new cache for workingDirs, path C:\Users\moham\gard\.gradle\8.11.1\vcsMetadata\workingDirs.bin, access org.gradle.cache.internal.DefaultCacheCoordinator@28308250
٢٠٢٦-٠٥-٠٥T٠٧:١١:٣٣.٤٩١+0100 [DEBUG] [org.gradle.cache.internal.DefaultCacheCoordinator] Creating new cache for md5-checksums, path C:\Users\moham\gard\.gradle\8.11.1\checksums\md5-checksums.bin, access org.gradle.cache.internal.DefaultCacheCoordinator@5726af75
٢٠٢٦-٠٥-٠٥T٠٧:١١:٣٣.٤٩٢+0100 [DEBUG] [org.gradle.cache.internal.DefaultInMemoryCacheDecoratorFactory] Creating in-memory store for cache C:\Users\moham\gard\.gradle\8.11.1\checksums\md5-checksums.bin (max size: 2400)
٢٠٢٦-٠٥-٠٥T٠٧:١١:٣٣.٤٩٢+0100 [DEBUG] [org.gradle.cache.internal.LockOnDemandCrossProcessCacheAccess] Acquiring file lock for checksums cache (C:\Users\moham\gard\.gradle\8.11.1\checksums)
٢٠٢٦-٠٥-٠٥T٠٧:١١:٣٣.٤٩٢+0100 [DEBUG] [org.gradle.cache.internal.DefaultFileLockManager] Waiting to acquire exclusive lock on checksums cache (C:\Users\moham\gard\.gradle\8.11.1\checksums).
٢٠٢٦-٠٥-٠٥T٠٧:١١:٣٣.٤٩٣+0100 [DEBUG] [org.gradle.cache.internal.DefaultFileLockManager] Lock acquired on checksums cache (C:\Users\moham\gard\.gradle\8.11.1\checksums).
٢٠٢٦-٠٥-٠٥T٠٧:١١:٣٣.٤٩٣+0100 [DEBUG] [org.gradle.cache.internal.DefaultCacheCoordinator] Creating new cache for sha1-checksums, path C:\Users\moham\gard\.gradle\8.11.1\checksums\sha1-checksums.bin, access org.gradle.cache.internal.DefaultCacheCoordinator@5726af75
٢٠٢٦-٠٥-٠٥T٠٧:١١:٣٣.٤٩٣+0100 [DEBUG] [org.gradle.cache.internal.DefaultInMemoryCacheDecoratorFactory] Creating in-memory store for cache C:\Users\moham\gard\.gradle\8.11.1\checksums\sha1-checksums.bin (max size: 2400)
٢٠٢٦-٠٥-٠٥T٠٧:١١:٣٣.٤٩٣+0100 [DEBUG] [org.gradle.cache.internal.DefaultCacheCoordinator] Creating new cache for sha256-checksums, path C:\Users\moham\gard\.gradle\8.11.1\checksums\sha256-checksums.bin, access org.gradle.cache.internal.DefaultCacheCoordinator@5726af75
٢٠٢٦-٠٥-٠٥T٠٧:١١:٣٣.٤٩٣+0100 [DEBUG] [org.gradle.cache.internal.DefaultInMemoryCacheDecoratorFactory] Creating in-memory store for cache C:\Users\moham\gard\.gradle\8.11.1\checksums\sha256-checksums.bin (max size: 2400)
٢٠٢٦-٠٥-٠٥T٠٧:١١:٣٣.٤٩٤+0100 [DEBUG] [org.gradle.cache.internal.DefaultCacheCoordinator] Creating new cache for sha512-checksums, path C:\Users\moham\gard\.gradle\8.11.1\checksums\sha512-checksums.bin, access org.gradle.cache.internal.DefaultCacheCoordinator@5726af75
٢٠٢٦-٠٥-٠٥T٠٧:١١:٣٣.٤٩٤+0100 [DEBUG] [org.gradle.cache.internal.DefaultInMemoryCacheDecoratorFactory] Creating in-memory store for cache C:\Users\moham\gard\.gradle\8.11.1\checksums\sha512-checksums.bin (max size: 2400)
٢٠٢٦-٠٥-٠٥T٠٧:١١:٣٣.٥٠٤+0100 [DEBUG] [org.gradle.api.internal.artifacts.mvnsettings.DefaultLocalMavenRepositoryLocator] No local repository in Settings file defined. Using default path: C:\Users\moham\.m2\repository
٢٠٢٦-٠٥-٠٥T٠٧:١١:٣٣.٥٧٣+0100 [DEBUG] [org.gradle.cache.internal.DefaultCacheCoordinator] Creating new cache for md-rule, path C:\Users\moham\.gradle\caches\8.11.1\md-rule\md-rule.bin, access org.gradle.cache.internal.DefaultCacheCoordinator@f98eeb6
٢٠٢٦-٠٥-٠٥T٠٧:١١:٣٣.٥٧٣+0100 [DEBUG] [org.gradle.cache.internal.DefaultInMemoryCacheDecoratorFactory] Creating in-memory store for cache C:\Users\moham\.gradle\caches\8.11.1\md-rule\md-rule.bin (max size: 4900)
٢٠٢٦-٠٥-٠٥T٠٧:١١:٣٣.٥٧٣+0100 [DEBUG] [org.gradle.cache.internal.LockOnDemandCrossProcessCacheAccess] Acquiring file lock for cache directory md-rule (C:\Users\moham\.gradle\caches\8.11.1\md-rule)
٢٠٢٦-٠٥-٠٥T٠٧:١١:٣٣.٥٧٤+0100 [DEBUG] [org.gradle.cache.internal.DefaultFileLockManager] Waiting to acquire exclusive lock on cache directory md-rule (C:\Users\moham\.gradle\caches\8.11.1\md-rule).
٢٠٢٦-٠٥-٠٥T٠٧:١١:٣٣.٥٧٥+0100 [DEBUG] [org.gradle.cache.internal.DefaultFileLockManager] Lock acquired on cache directory md-rule (C:\Users\moham\.gradle\caches\8.11.1\md-rule).
٢٠٢٦-٠٥-٠٥T٠٧:١١:٣٣.٦٢٦+0100 [DEBUG] [org.gradle.cache.internal.DefaultCacheCoordinator] Creating new cache for md-supplier, path C:\Users\moham\.gradle\caches\8.11.1\md-supplier\md-supplier.bin, access org.gradle.cache.internal.DefaultCacheCoordinator@14eb9b9
٢٠٢٦-٠٥-٠٥T٠٧:١١:٣٣.٦٢٧+0100 [DEBUG] [org.gradle.cache.internal.DefaultInMemoryCacheDecoratorFactory] Creating in-memory store for cache C:\Users\moham\.gradle\caches\8.11.1\md-supplier\md-supplier.bin (max size: 4900)
٢٠٢٦-٠٥-٠٥T٠٧:١١:٣٣.٦٢٧+0100 [DEBUG] [org.gradle.cache.internal.LockOnDemandCrossProcessCacheAccess] Acquiring file lock for cache directory md-supplier (C:\Users\moham\.gradle\caches\8.11.1\md-supplier)
٢٠٢٦-٠٥-٠٥T٠٧:١١:٣٣.٦٢٨+0100 [DEBUG] [org.gradle.cache.internal.DefaultFileLockManager] Waiting to acquire exclusive lock on cache directory md-supplier (C:\Users\moham\.gradle\caches\8.11.1\md-supplier).
٢٠٢٦-٠٥-٠٥T٠٧:١١:٣٣.٦٢٨+0100 [DEBUG] [org.gradle.cache.internal.DefaultFileLockManager] Lock acquired on cache directory md-supplier (C:\Users\moham\.gradle\caches\8.11.1\md-supplier).
٢٠٢٦-٠٥-٠٥T٠٧:١١:٣٣.٦٣٨+0100 [DEBUG] [org.gradle.internal.locking.LockFileReaderWriter] Lockfiles root: C:\Users\moham\gard\gradle\dependency-locks
٢٠٢٦-٠٥-٠٥T٠٧:١١:٣٣.٩٢٩+0100 [INFO] [org.gradle.internal.buildevents.BuildLogger] Starting Build
٢٠٢٦-٠٥-٠٥T٠٧:١١:٣٣.٩٢٩+0100 [DEBUG] [org.gradle.internal.buildevents.BuildLogger] Gradle user home: C:\Users\moham\.gradle
٢٠٢٦-٠٥-٠٥T٠٧:١١:٣٣.٩٢٩+0100 [DEBUG] [org.gradle.internal.buildevents.BuildLogger] Current dir: C:\Users\moham\gard
٢٠٢٦-٠٥-٠٥T٠٧:١١:٣٣.٩٣٠+0100 [DEBUG] [org.gradle.internal.buildevents.BuildLogger] Settings file: null
٢٠٢٦-٠٥-٠٥T٠٧:١١:٣٣.٩٣٠+0100 [DEBUG] [org.gradle.internal.buildevents.BuildLogger] Build file: null
٢٠٢٦-٠٥-٠٥T٠٧:١١:٣٣.٩٧٢+0100 [DEBUG] [org.gradle.internal.operations.DefaultBuildOperationRunner] Build operation 'Apply settings file 'settings.gradle.kts' to settings 'gard'' started
٢٠٢٦-٠٥-٠٥T٠٧:١١:٣٣.٩٧٣+0100 [DEBUG] [org.gradle.kotlin.dsl.provider.KotlinScriptPlugin] Applying Kotlin script to settings 'gard'
٢٠٢٦-٠٥-٠٥T٠٧:١١:٣٤.٠١٦+0100 [DEBUG] [org.gradle.cache.internal.LockOnDemandCrossProcessCacheAccess] Acquiring file lock for Generated Gradle JARs cache (C:\Users\moham\.gradle\caches\8.11.1\generated-gradle-jars)
٢٠٢٦-٠٥-٠٥T٠٧:١١:٣٤.٠١٧+0100 [DEBUG] [org.gradle.cache.internal.DefaultFileLockManager] Waiting to acquire exclusive lock on Generated Gradle JARs cache (C:\Users\moham\.gradle\caches\8.11.1\generated-gradle-jars).
٢٠٢٦-٠٥-٠٥T٠٧:١١:٣٤.٠١٧+0100 [DEBUG] [org.gradle.cache.internal.DefaultFileLockManager] Lock acquired on Generated Gradle JARs cache (C:\Users\moham\.gradle\caches\8.11.1\generated-gradle-jars).
٢٠٢٦-٠٥-٠٥T٠٧:١١:٣٤.٠١٧+0100 [DEBUG] [org.gradle.api.internal.runtimeshaded.RuntimeShadedJarFactory] Using Gradle runtime shaded JAR file: C:\Users\moham\.gradle\caches\8.11.1\generated-gradle-jars\gradle-api-8.11.1.jar
٢٠٢٦-٠٥-٠٥T٠٧:١١:٣٤.٠٢٦+0100 [DEBUG] [org.gradle.internal.operations.DefaultBuildOperationRunner] Build operation 'Identifying work' started
٢٠٢٦-٠٥-٠٥T٠٧:١١:٣٤.٠٤١+0100 [DEBUG] [org.gradle.cache.internal.btree.BTreePersistentIndexedCache] Opening cache fileHashes.bin (C:\Users\moham\.gradle\caches\8.11.1\fileHashes\fileHashes.bin)
٢٠٢٦-٠٥-٠٥T٠٧:١١:٣٤.٠٧٠+0100 [DEBUG] [org.gradle.cache.internal.btree.BTreePersistentIndexedCache] Opening cache resourceHashesCache.bin (C:\Users\moham\.gradle\caches\8.11.1\fileHashes\resourceHashesCache.bin)
٢٠٢٦-٠٥-٠٥T٠٧:١١:٣٤.٠٧٨+0100 [DEBUG] [org.gradle.internal.operations.DefaultBuildOperationRunner] Completing Build operation 'Identifying work'
٢٠٢٦-٠٥-٠٥T٠٧:١١:٣٤.٠٧٩+0100 [DEBUG] [org.gradle.internal.operations.DefaultBuildOperationRunner] Build operation 'Identifying work' completed
٢٠٢٦-٠٥-٠٥T٠٧:١١:٣٤.٠٨٠+0100 [DEBUG] [org.gradle.cache.internal.btree.BTreePersistentIndexedCache] Opening cache file-access.bin (C:\Users\moham\.gradle\caches\journal-1\file-access.bin)
٢٠٢٦-٠٥-٠٥T٠٧:١١:٣٤.٠٨١+0100 [DEBUG] [org.gradle.internal.vfs.impl.AbstractVirtualFileSystem] Invalidating VFS paths: [C:\Users\moham\.gradle\caches\8.11.1\kotlin-dsl\scripts\8c0b09c41b27ba30976b38e4240a95d3-2fa0808e-8ecb-427e-a20b-a971c33eb59f]
٢٠٢٦-٠٥-٠٥T٠٧:١١:٣٤.٠٨٣+0100 [DEBUG] [org.gradle.internal.operations.DefaultBuildOperationRunner] Build operation 'Snapshot inputs and outputs before executing Kotlin DSL script compilation (Settings/TopLevel/stage1)' started
٢٠٢٦-٠٥-٠٥T٠٧:١١:٣٤.٠٨٥+0100 [DEBUG] [org.gradle.internal.execution.steps.AbstractCaptureStateBeforeExecutionStep] Implementation for Kotlin DSL script compilation (Settings/TopLevel/stage1): org.gradle.kotlin.dsl.provider.StandardKotlinScriptEvaluator$KotlinScriptCompilationAndInstrumentation@a2b2739a8af778232333ab4feee22435
٢٠٢٦-٠٥-٠٥T٠٧:١١:٣٤.٠٨٥+0100 [DEBUG] [org.gradle.internal.execution.steps.AbstractCaptureStateBeforeExecutionStep] Additional implementations for Kotlin DSL script compilation (Settings/TopLevel/stage1): []
٢٠٢٦-٠٥-٠٥T٠٧:١١:٣٤.٠٨٦+0100 [DEBUG] [org.gradle.internal.operations.DefaultBuildOperationRunner] Completing Build operation 'Snapshot inputs and outputs before executing Kotlin DSL script compilation (Settings/TopLevel/stage1)'
٢٠٢٦-٠٥-٠٥T٠٧:١١:٣٤.٠٨٦+0100 [DEBUG] [org.gradle.internal.operations.DefaultBuildOperationRunner] Build operation 'Snapshot inputs and outputs before executing Kotlin DSL script compilation (Settings/TopLevel/stage1)' completed
٢٠٢٦-٠٥-٠٥T٠٧:١١:٣٤.٠٩٢+0100 [INFO] [org.gradle.internal.execution.steps.AbstractResolveCachingStateStep] Caching disabled for Kotlin DSL script compilation (Settings/TopLevel/stage1) because:
  Build cache is disabled
٢٠٢٦-٠٥-٠٥T٠٧:١١:٣٤.٠٩٣+0100 [DEBUG] [org.gradle.internal.vfs.impl.AbstractVirtualFileSystem] Invalidating VFS paths: [C:\Users\moham\.gradle\caches\8.11.1\kotlin-dsl\scripts\8c0b09c41b27ba30976b38e4240a95d3-2fa0808e-8ecb-427e-a20b-a971c33eb59f\instrumented\classes, C:\Users\moham\.gradle\caches\8.11.1\kotlin-dsl\scripts\8c0b09c41b27ba30976b38e4240a95d3-2fa0808e-8ecb-427e-a20b-a971c33eb59f\reports\gradle-intercepted-methods.report]
٢٠٢٦-٠٥-٠٥T٠٧:١١:٣٤.٠٩٥+0100 [DEBUG] [org.gradle.internal.execution.steps.PreCreateOutputParentsStep] Ensuring directory exists for property instrumentedOutput at C:\Users\moham\.gradle\caches\8.11.1\kotlin-dsl\scripts\8c0b09c41b27ba30976b38e4240a95d3-2fa0808e-8ecb-427e-a20b-a971c33eb59f\instrumented\classes
٢٠٢٦-٠٥-٠٥T٠٧:١١:٣٤.٠٩٦+0100 [DEBUG] [org.gradle.internal.execution.steps.PreCreateOutputParentsStep] Ensuring parent directory exists for property propertyUpgradeReportOutput at C:\Users\moham\.gradle\caches\8.11.1\kotlin-dsl\scripts\8c0b09c41b27ba30976b38e4240a95d3-2fa0808e-8ecb-427e-a20b-a971c33eb59f\reports\gradle-intercepted-methods.report
٢٠٢٦-٠٥-٠٥T٠٧:١١:٣٤.٠٩٨+0100 [DEBUG] [org.gradle.internal.operations.DefaultBuildOperationRunner] Build operation 'Executing Kotlin DSL script compilation (Settings/TopLevel/stage1)' started
٢٠٢٦-٠٥-٠٥T٠٧:١١:٣٤.٠٩٨+0100 [DEBUG] [org.gradle.kotlin.dsl.execution.Interpreter] Compiling Settings/TopLevel/stage1 from settings file 'C:\Users\moham\gard\settings.gradle.kts'
٢٠٢٦-٠٥-٠٥T٠٧:١١:٣٤.٤٢٩+0100 [DEBUG] [org.gradle.internal.operations.DefaultBuildOperationRunner] Build operation 'Compile script settings.gradle.kts (CLASSPATH)' started
٢٠٢٦-٠٥-٠٥T٠٧:١١:٣٤.٨٣٦+0100 [DEBUG] [org.gradle.internal.operations.DefaultBuildOperationRunner] Completing Build operation 'Compile script settings.gradle.kts (CLASSPATH)'
٢٠٢٦-٠٥-٠٥T٠٧:١١:٣٤.٨٣٦+0100 [DEBUG] [org.gradle.internal.operations.DefaultBuildOperationRunner] Build operation 'Compile script settings.gradle.kts (CLASSPATH)' completed
٢٠٢٦-٠٥-٠٥T٠٧:١١:٣٤.٨٣٧+0100 [DEBUG] [org.gradle.internal.operations.DefaultBuildOperationRunner] Completing Build operation 'Executing Kotlin DSL script compilation (Settings/TopLevel/stage1)'
٢٠٢٦-٠٥-٠٥T٠٧:١١:٣٤.٨٣٧+0100 [DEBUG] [org.gradle.internal.operations.DefaultBuildOperationRunner] Build operation 'Executing Kotlin DSL script compilation (Settings/TopLevel/stage1)' completed
٢٠٢٦-٠٥-٠٥T٠٧:١١:٣٤.٨٣٨+0100 [DEBUG] [org.gradle.internal.vfs.impl.AbstractVirtualFileSystem] Invalidating VFS paths: [C:\Users\moham\.gradle\caches\8.11.1\kotlin-dsl\scripts\8c0b09c41b27ba30976b38e4240a95d3-2fa0808e-8ecb-427e-a20b-a971c33eb59f\instrumented\classes, C:\Users\moham\.gradle\caches\8.11.1\kotlin-dsl\scripts\8c0b09c41b27ba30976b38e4240a95d3-2fa0808e-8ecb-427e-a20b-a971c33eb59f\reports\gradle-intercepted-methods.report]
٢٠٢٦-٠٥-٠٥T٠٧:١١:٣٤.٨٣٩+0100 [DEBUG] [org.gradle.internal.operations.DefaultBuildOperationRunner] Build operation 'Snapshot outputs after executing Kotlin DSL script compilation (Settings/TopLevel/stage1)' started
٢٠٢٦-٠٥-٠٥T٠٧:١١:٣٤.٨٤٥+0100 [DEBUG] [org.gradle.internal.operations.DefaultBuildOperationRunner] Completing Build operation 'Snapshot outputs after executing Kotlin DSL script compilation (Settings/TopLevel/stage1)'
٢٠٢٦-٠٥-٠٥T٠٧:١١:٣٤.٨٤٥+0100 [DEBUG] [org.gradle.internal.operations.DefaultBuildOperationRunner] Build operation 'Snapshot outputs after executing Kotlin DSL script compilation (Settings/TopLevel/stage1)' completed
٢٠٢٦-٠٥-٠٥T٠٧:١١:٣٤.٨٤٦+0100 [DEBUG] [org.gradle.internal.operations.DefaultBuildOperationRunner] Completing Build operation 'Apply settings file 'settings.gradle.kts' to settings 'gard''
٢٠٢٦-٠٥-٠٥T٠٧:١١:٣٤.٨٤٦+0100 [DEBUG] [org.gradle.internal.operations.DefaultBuildOperationRunner] Build operation 'Apply settings file 'settings.gradle.kts' to settings 'gard'' completed
٢٠٢٦-٠٥-٠٥T٠٧:١١:٣٤.٨٤٧+0100 [DEBUG] [org.gradle.internal.operations.DefaultBuildOperationRunner] Completing Build operation 'Evaluate settings'
٢٠٢٦-٠٥-٠٥T٠٧:١١:٣٤.٨٤٧+0100 [DEBUG] [org.gradle.internal.operations.DefaultBuildOperationRunner] Build operation 'Evaluate settings' completed
٢٠٢٦-٠٥-٠٥T٠٧:١١:٣٤.٨٤٧+0100 [DEBUG] [org.gradle.internal.operations.DefaultBuildOperationRunner] Completing Build operation 'Load build'
٢٠٢٦-٠٥-٠٥T٠٧:١١:٣٤.٨٤٧+0100 [DEBUG] [org.gradle.internal.operations.DefaultBuildOperationRunner] Build operation 'Load build' completed
٢٠٢٦-٠٥-٠٥T٠٧:١١:٣٤.٨٤٨+0100 [DEBUG] [org.gradle.internal.operations.DefaultBuildOperationRunner] Build operation 'Finish root build tree' started
٢٠٢٦-٠٥-٠٥T٠٧:١١:٣٤.٨٥٣+0100 [DEBUG] [org.gradle.cache.internal.LockOnDemandCrossProcessCacheAccess] Acquiring file lock for artifact cache (C:\Users\moham\.gradle\caches\modules-2)
٢٠٢٦-٠٥-٠٥T٠٧:١١:٣٤.٨٥٤+0100 [DEBUG] [org.gradle.cache.internal.DefaultFileLockManager] Waiting to acquire exclusive lock on artifact cache (C:\Users\moham\.gradle\caches\modules-2).
٢٠٢٦-٠٥-٠٥T٠٧:١١:٣٤.٨٥٤+0100 [DEBUG] [org.gradle.cache.internal.DefaultFileLockManager] Lock acquired on artifact cache (C:\Users\moham\.gradle\caches\modules-2).
٢٠٢٦-٠٥-٠٥T٠٧:١١:٣٤.٨٥٨+0100 [DEBUG] [org.gradle.internal.operations.DefaultBuildOperationRunner] Completing Build operation 'Finish root build tree'
٢٠٢٦-٠٥-٠٥T٠٧:١١:٣٤.٨٥٨+0100 [DEBUG] [org.gradle.internal.operations.DefaultBuildOperationRunner] Build operation 'Finish root build tree' completed
٢٠٢٦-٠٥-٠٥T٠٧:١١:٣٤.٨٦٣+0100 [ERROR] [org.gradle.internal.buildevents.BuildExceptionReporter] 
٢٠٢٦-٠٥-٠٥T٠٧:١١:٣٤.٨٦٣+0100 [ERROR] [org.gradle.internal.buildevents.BuildExceptionReporter] FAILURE: Build failed with an exception.
٢٠٢٦-٠٥-٠٥T٠٧:١١:٣٤.٨٦٤+0100 [ERROR] [org.gradle.internal.buildevents.BuildExceptionReporter] 
٢٠٢٦-٠٥-٠٥T٠٧:١١:٣٤.٨٦٤+0100 [ERROR] [org.gradle.internal.buildevents.BuildExceptionReporter] * What went wrong:
٢٠٢٦-٠٥-٠٥T٠٧:١١:٣٤.٨٦٤+0100 [ERROR] [org.gradle.internal.buildevents.BuildExceptionReporter] 25.0.1
٢٠٢٦-٠٥-٠٥T٠٧:١١:٣٤.٨٦٤+0100 [ERROR] [org.gradle.internal.buildevents.BuildExceptionReporter] 
٢٠٢٦-٠٥-٠٥T٠٧:١١:٣٤.٨٦٤+0100 [ERROR] [org.gradle.internal.buildevents.BuildExceptionReporter] * Try:
٢٠٢٦-٠٥-٠٥T٠٧:١١:٣٤.٨٦٤+0100 [ERROR] [org.gradle.internal.buildevents.BuildExceptionReporter] > Run with --stacktrace option to get the stack trace.
٢٠٢٦-٠٥-٠٥T٠٧:١١:٣٤.٨٦٤+0100 [ERROR] [org.gradle.internal.buildevents.BuildExceptionReporter] > Run with --scan to get full insights.
٢٠٢٦-٠٥-٠٥T٠٧:١١:٣٤.٨٦٤+0100 [ERROR] [org.gradle.internal.buildevents.BuildExceptionReporter] > Get more help at https://help.gradle.org.
٢٠٢٦-٠٥-٠٥T٠٧:١١:٣٤.٨٦٤+0100 [ERROR] [org.gradle.internal.buildevents.BuildResultLogger] 
٢٠٢٦-٠٥-٠٥T٠٧:١١:٣٤.٨٦٥+0100 [ERROR] [org.gradle.internal.buildevents.BuildResultLogger] BUILD FAILED in 4s
٢٠٢٦-٠٥-٠٥T٠٧:١١:٣٤.٨٦٦+0100 [DEBUG] [org.gradle.internal.operations.DefaultBuildOperationRunner] Build operation 'Build finished for file system watching' started
٢٠٢٦-٠٥-٠٥T٠٧:١١:٣٤.٨٦٨+0100 [INFO] [org.gradle.internal.watch.registry.impl.HierarchicalFileWatcherUpdater] Watched directory hierarchies: []
٢٠٢٦-٠٥-٠٥T٠٧:١١:٣٤.٨٧٠+0100 [DEBUG] [org.gradle.internal.operations.DefaultBuildOperationRunner] Completing Build operation 'Build finished for file system watching'
٢٠٢٦-٠٥-٠٥T٠٧:١١:٣٤.٨٧٠+0100 [DEBUG] [org.gradle.internal.operations.DefaultBuildOperationRunner] Build operation 'Build finished for file system watching' completed
٢٠٢٦-٠٥-٠٥T٠٧:١١:٣٤.٨٧٣+0100 [DEBUG] [org.gradle.cache.internal.LockOnDemandCrossProcessCacheAccess] Releasing file lock for cache directory md-supplier (C:\Users\moham\.gradle\caches\8.11.1\md-supplier)
٢٠٢٦-٠٥-٠٥T٠٧:١١:٣٤.٨٧٤+0100 [DEBUG] [org.gradle.cache.internal.DefaultFileLockManager] Releasing lock on cache directory md-supplier (C:\Users\moham\.gradle\caches\8.11.1\md-supplier).
٢٠٢٦-٠٥-٠٥T٠٧:١١:٣٤.٨٧٥+0100 [DEBUG] [org.gradle.cache.internal.LockOnDemandCrossProcessCacheAccess] Releasing file lock for Build Output Cleanup Cache (C:\Users\moham\gard\.gradle\buildOutputCleanup)
٢٠٢٦-٠٥-٠٥T٠٧:١١:٣٤.٨٧٥+0100 [DEBUG] [org.gradle.cache.internal.DefaultFileLockManager] Releasing lock on Build Output Cleanup Cache (C:\Users\moham\gard\.gradle\buildOutputCleanup).
٢٠٢٦-٠٥-٠٥T٠٧:١١:٣٤.٨٧٥+0100 [DEBUG] [org.gradle.cache.internal.LockOnDemandCrossProcessCacheAccess] Releasing file lock for cache directory md-rule (C:\Users\moham\.gradle\caches\8.11.1\md-rule)
٢٠٢٦-٠٥-٠٥T٠٧:١١:٣٤.٨٧٦+0100 [DEBUG] [org.gradle.cache.internal.DefaultFileLockManager] Releasing lock on cache directory md-rule (C:\Users\moham\.gradle\caches\8.11.1\md-rule).
٢٠٢٦-٠٥-٠٥T٠٧:١١:٣٤.٨٧٧+0100 [DEBUG] [org.gradle.api.internal.artifacts.ivyservice.resolveengine.store.ResolutionResultsStoreFactory] Deleted 0 resolution results binary files in 0.0 secs
٢٠٢٦-٠٥-٠٥T٠٧:١١:٣٤.٨٧٧+0100 [DEBUG] [org.gradle.internal.operations.DefaultBuildOperationRunner] Completing Build operation 'Run build'
٢٠٢٦-٠٥-٠٥T٠٧:١١:٣٤.٨٧٧+0100 [DEBUG] [org.gradle.internal.operations.DefaultBuildOperationRunner] Build operation 'Run build' completed
٢٠٢٦-٠٥-٠٥T٠٧:١١:٣٤.٨٧٨+0100 [DEBUG] [org.gradle.internal.resources.AbstractTrackedResourceLock] Daemon worker: released lock on worker lease
٢٠٢٦-٠٥-٠٥T٠٧:١١:٣٤.٨٩٤+0100 [DEBUG] [org.gradle.deployment.internal.DefaultDeploymentRegistry] Stopping 0 deployment handles
٢٠٢٦-٠٥-٠٥T٠٧:١١:٣٤.٨٩٥+0100 [DEBUG] [org.gradle.deployment.internal.DefaultDeploymentRegistry] Stopped deployment handles
٢٠٢٦-٠٥-٠٥T٠٧:١١:٣٤.٨٩٥+0100 [DEBUG] [org.gradle.cache.internal.LockOnDemandCrossProcessCacheAccess] Releasing file lock for file hash cache (C:\Users\moham\gard\.gradle\8.11.1\fileHashes)
٢٠٢٦-٠٥-٠٥T٠٧:١١:٣٤.٨٩٥+0100 [DEBUG] [org.gradle.cache.internal.DefaultFileLockManager] Releasing lock on file hash cache (C:\Users\moham\gard\.gradle\8.11.1\fileHashes).
٢٠٢٦-٠٥-٠٥T٠٧:١١:٣٤.٨٩٦+0100 [DEBUG] [org.gradle.cache.internal.LockOnDemandCrossProcessCacheAccess] Releasing file lock for checksums cache (C:\Users\moham\gard\.gradle\8.11.1\checksums)
٢٠٢٦-٠٥-٠٥T٠٧:١١:٣٤.٨٩٦+0100 [DEBUG] [org.gradle.cache.internal.DefaultFileLockManager] Releasing lock on checksums cache (C:\Users\moham\gard\.gradle\8.11.1\checksums).
٢٠٢٦-٠٥-٠٥T٠٧:١١:٣٤.٨٩٦+0100 [DEBUG] [org.gradle.cache.internal.DefaultCacheCleanupExecutor] VCS Checkout Cache (C:\Users\moham\gard\.gradle\vcs-1) has last been fully cleaned up 18 hours ago
٢٠٢٦-٠٥-٠٥T٠٧:١١:٣٤.٨٩٦+0100 [DEBUG] [org.gradle.cache.internal.DefaultCacheCleanupExecutor] Skipping cleanup for VCS Checkout Cache (C:\Users\moham\gard\.gradle\vcs-1) as it is not yet due
٢٠٢٦-٠٥-٠٥T٠٧:١١:٣٤.٨٩٦+0100 [DEBUG] [org.gradle.cache.internal.DefaultCacheCoordinator] Cache VCS Checkout Cache (C:\Users\moham\gard\.gradle\vcs-1) was closed 0 times.
٢٠٢٦-٠٥-٠٥T٠٧:١١:٣٤.٨٩٧+0100 [DEBUG] [org.gradle.cache.internal.DefaultCacheCoordinator] Cache VCS metadata (C:\Users\moham\gard\.gradle\8.11.1\vcsMetadata) was closed 0 times.
٢٠٢٦-٠٥-٠٥T٠٧:١١:٣٤.٨٩٨+0100 [DEBUG] [org.gradle.internal.operations.DefaultBuildOperationRunner] Build operation 'Deleting unused version-specific caches in C:\Users\moham\gard\.gradle' started
٢٠٢٦-٠٥-٠٥T٠٧:١١:٣٤.٨٩٨+0100 [DEBUG] [org.gradle.internal.operations.DefaultBuildOperationRunner] Completing Build operation 'Deleting unused version-specific caches in C:\Users\moham\gard\.gradle'
٢٠٢٦-٠٥-٠٥T٠٧:١١:٣٤.٨٩٨+0100 [DEBUG] [org.gradle.internal.operations.DefaultBuildOperationRunner] Build operation 'Deleting unused version-specific caches in C:\Users\moham\gard\.gradle' completed
٢٠٢٦-٠٥-٠٥T٠٧:١١:٣٤.٩٠٠+0100 [DEBUG] [org.gradle.launcher.daemon.server.exec.ExecuteBuild] The daemon has finished executing the build.
٢٠٢٦-٠٥-٠٥T٠٧:١١:٣٤.٩٢٨+0100 [DEBUG] [org.gradle.launcher.daemon.client.DaemonClientConnection] thread 3: dispatching class org.gradle.launcher.daemon.protocol.CloseInput
٢٠٢٦-٠٥-٠٥T٠٧:١١:٣٤.٩٢٩+0100 [DEBUG] [org.gradle.launcher.daemon.client.DaemonClient] Received result Success[value=org.gradle.launcher.exec.BuildActionResult@31e3250d] from daemon DaemonInfo{pid=12744, address=[f13b5c1e-5bb5-43c5-a06f-335f8dee6b06 port:61182, addresses:[/127.0.0.1]], state=Busy, lastBusy=1777961492473, context=DefaultDaemonContext[uid=2d79dafe-3a94-4db4-81ae-ab29f5d717b2,javaHome=C:\Users\moham\AppData\Local\Programs\Eclipse Adoptium\jdk-25.0.1.8-hotspot,javaVersion=25,javaVendor=Eclipse Adoptium,daemonRegistryDir=C:\Users\moham\.gradle\daemon,pid=12744,idleTimeout=120000,priority=NORMAL,applyInstrumentationAgent=true,nativeServicesMode=ENABLED,daemonOpts=-Xmx2048m,-Dfile.encoding=UTF-8,-Duser.country=SA,-Duser.language=ar,-Duser.variant]} (build should be done).
٢٠٢٦-٠٥-٠٥T٠٧:١١:٣٤.٩٢٩+0100 [DEBUG] [org.gradle.launcher.daemon.client.DaemonClientConnection] thread 3: dispatching class org.gradle.launcher.daemon.protocol.Finished
٢٠٢٦-٠٥-٠٥T٠٧:١١:٣٤.٩٣٠+0100 [LIFECYCLE] [org.gradle.launcher.cli.DebugLoggerWarningAction] 
#############################################################################
   WARNING WARNING WARNING WARNING WARNING WARNING WARNING WARNING WARNING

   Debug level logging will leak security sensitive information!

   For more details, please refer to https://docs.gradle.org/8.11.1/userguide/logging.html#sec:debug_security in the Gradle documentation.
#############################################################################

